// Jest Snapshot v1, https://goo.gl/fbAQLP

exports[`testing components if App is displaying right 1`] = `
<div>
  <nav
    className="navbar"
  >
    <h1
      className="header"
    >
      Math Magicians
    </h1>
    <ul
      className="link-list"
    >
      <li
        className="link"
      >
        <a
          activeclassname="active"
          className="link"
          exact="true"
          href="/"
          onClick={[Function]}
          style={
            Object {
              "borderBottom": "2px solid #376e6f",
              "paddingBottom": "5px",
            }
          }
        >
          Home
        </a>
      </li>
      <li
        className="link"
      >
        <a
          activeclassname="active"
          className="link"
          exact="true"
          href="/calculator"
          onClick={[Function]}
          style={
            Object {
              "borderBottom": "2px solid #376e6f",
              "paddingBottom": "5px",
            }
          }
        >
          Calculator
        </a>
      </li>
      <li
        className="link"
      >
        <a
          activeclassname="active"
          aria-current="page"
          className="link active"
          exact="true"
          href="/quote"
          onClick={[Function]}
          style={
            Object {
              "borderBottom": "3px solid #fbeec1",
              "paddingBottom": "10px",
            }
          }
        >
          Quotes
        </a>
      </li>
    </ul>
  </nav>
  <div
    className="quote-wrapper"
  >
    <h2
      className="quote"
    >
      Mathematics is not about numbers, equations, computations, or algorithms: it is about understanding. -William Paul Thurston
    </h2>
  </div>
</div>
`;
