// Jest Snapshot v1, https://goo.gl/fbAQLP

exports[`Testing home component Home renders correctly 1`] = `
<div>
  <div
    className="home"
  >
    <h1>
      Welcome to my page !
    </h1>
    <p>
      Hi, This site is intended for enthusiastic mathematicians.
    </p>
    <p>
      This is a Single Page Application made with React.
    </p>
    <p>
      Initially used classes, refactored with hooks and used router to display multiple pages.
    </p>
  </div>
</div>
`;
